// Jest Snapshot v1, https://goo.gl/fbAQLP

exports[`Auth/Route -> SignIn should renders with props 1`] = `
<v-layout-stub tag="div" fill-height="" justify-center="" align-center="">
  <v-flex-stub tag="div" xs12="" sm5="" md4="" lg3="">
    <v-card-stub loaderheight="4" tag="div">
      <v-card-title-stub primarytitle="" primary-title="">
        <v-layout-stub tag="div" column="">
          <v-flex-stub tag="div">
            <h2 class="headline">LOGIN</h2>
          </v-flex-stub>
          <v-flex-stub tag="div">
            <v-form-stub>
              <v-text-field-stub errorcount="1" errormessages="" messages="" rules="" successmessages="" value="" backgroundcolor="" label="Email" loaderheight="2" clearicon="$clear" type="text" required=""></v-text-field-stub>
              <v-text-field-stub errorcount="1" errormessages="" messages="" rules="" successmessages="" value="" backgroundcolor="" label="Password" loaderheight="2" clearicon="$clear" type="password" required=""></v-text-field-stub>
            </v-form-stub>
          </v-flex-stub>
        </v-layout-stub>
      </v-card-title-stub>
      <v-card-actions-stub>
        <v-container-stub tag="div">
          <v-layout-stub tag="div" column="" align-center="">
            <v-flex-stub tag="div">
              <v-btn-stub color="pink" dark="true" tag="button" activeclass="" type="button">Sign-in</v-btn-stub>
            </v-flex-stub>
          </v-layout-stub>
        </v-container-stub>
      </v-card-actions-stub>
    </v-card-stub>
  </v-flex-stub>
</v-layout-stub>
`;
