// Jest Snapshot v1, https://goo.gl/fbAQLP

exports[`HomeRoute component should renders with props 1`] = `
<v-layout-stub tag="div" fill-height="" justify-center="" align-center="">
  <v-flex-stub tag="div" xs12="" sm5="" md4="" lg3="">
    <v-card-stub tag="div">
      <v-card-title-stub primarytitle="true">
        <v-layout-stub tag="div" column="">
          <v-flex-stub tag="div">
            <h2 class="headline">LOGIN</h2>
          </v-flex-stub>
          <v-flex-stub tag="div">
            <v-form-stub>
              <v-text-field-stub label="Email" required="" value=""></v-text-field-stub>
              <v-text-field-stub type="password" label="Password" required="" value=""></v-text-field-stub>
            </v-form-stub>
          </v-flex-stub>
        </v-layout-stub>
      </v-card-title-stub>
      <v-card-actions-stub>
        <v-container-stub tag="div">
          <v-layout-stub tag="div" column="" align-center="">
            <v-flex-stub tag="div">
              <v-btn-stub color="pink" activeclass="v-btn--active" tag="button" dark="true" type="button">Sign-in</v-btn-stub>
            </v-flex-stub>
          </v-layout-stub>
        </v-container-stub>
      </v-card-actions-stub>
    </v-card-stub>
  </v-flex-stub>
</v-layout-stub>
`;
