// Jest Snapshot v1, https://goo.gl/fbAQLP

exports[`Home/Layout -> Default should renders with props 1`] = `
<v-app-stub id="inspire">
  <v-navigation-drawer-stub fixed="true" app="true" clipped="true" height="100%" minivariantwidth="80" mobilebreakpoint="1264" width="300">
    <v-list-stub dense="true">
      <v-list-tile-stub activeclass="primary--text" exact="true" to="/">
        <v-list-tile-action-stub>
          <v-icon-stub>contacts</v-icon-stub>
        </v-list-tile-action-stub>
        <v-list-tile-content-stub>
          <v-list-tile-title-stub> Contacts </v-list-tile-title-stub>
        </v-list-tile-content-stub>
      </v-list-tile-stub>
      <v-list-tile-stub activeclass="primary--text" exact="true">
        <v-list-tile-action-stub>
          <v-icon-stub>history</v-icon-stub>
        </v-list-tile-action-stub>
        <v-list-tile-content-stub>
          <v-list-tile-title-stub> Frequently contacted </v-list-tile-title-stub>
        </v-list-tile-content-stub>
      </v-list-tile-stub>
      <v-list-tile-stub activeclass="primary--text" exact="true">
        <v-list-tile-action-stub>
          <v-icon-stub>content_copy</v-icon-stub>
        </v-list-tile-action-stub>
        <v-list-tile-content-stub>
          <v-list-tile-title-stub> Duplicates </v-list-tile-title-stub>
        </v-list-tile-content-stub>
      </v-list-tile-stub>
      <v-list-group-stub value="true" activeclass="primary--text" appendicon="" prependicon="keyboard_arrow_up">
        <v-list-tile-stub activeclass="primary--text">
          <v-list-tile-content-stub>
            <v-list-tile-title-stub> Labels </v-list-tile-title-stub>
          </v-list-tile-content-stub>
        </v-list-tile-stub>
        <v-list-tile-stub activeclass="primary--text">
          <v-list-tile-action-stub>
            <v-icon-stub>add</v-icon-stub>
          </v-list-tile-action-stub>
          <v-list-tile-content-stub>
            <v-list-tile-title-stub> Create label </v-list-tile-title-stub>
          </v-list-tile-content-stub>
        </v-list-tile-stub>
      </v-list-group-stub>
      <v-list-group-stub activeclass="primary--text" appendicon="" prependicon="keyboard_arrow_down">
        <v-list-tile-stub activeclass="primary--text">
          <v-list-tile-content-stub>
            <v-list-tile-title-stub> More </v-list-tile-title-stub>
          </v-list-tile-content-stub>
        </v-list-tile-stub>
        <v-list-tile-stub activeclass="primary--text">
          <!---->
          <v-list-tile-content-stub>
            <v-list-tile-title-stub> Import </v-list-tile-title-stub>
          </v-list-tile-content-stub>
        </v-list-tile-stub>
        <v-list-tile-stub activeclass="primary--text">
          <!---->
          <v-list-tile-content-stub>
            <v-list-tile-title-stub> Export </v-list-tile-title-stub>
          </v-list-tile-content-stub>
        </v-list-tile-stub>
        <v-list-tile-stub activeclass="primary--text">
          <!---->
          <v-list-tile-content-stub>
            <v-list-tile-title-stub> Print </v-list-tile-title-stub>
          </v-list-tile-content-stub>
        </v-list-tile-stub>
        <v-list-tile-stub activeclass="primary--text">
          <!---->
          <v-list-tile-content-stub>
            <v-list-tile-title-stub> Undo changes </v-list-tile-title-stub>
          </v-list-tile-content-stub>
        </v-list-tile-stub>
        <v-list-tile-stub activeclass="primary--text">
          <!---->
          <v-list-tile-content-stub>
            <v-list-tile-title-stub> Other contacts </v-list-tile-title-stub>
          </v-list-tile-content-stub>
        </v-list-tile-stub>
      </v-list-group-stub>
      <v-list-tile-stub activeclass="primary--text" exact="true">
        <v-list-tile-action-stub>
          <v-icon-stub>settings</v-icon-stub>
        </v-list-tile-action-stub>
        <v-list-tile-content-stub>
          <v-list-tile-title-stub> Settings </v-list-tile-title-stub>
        </v-list-tile-content-stub>
      </v-list-tile-stub>
      <v-list-tile-stub activeclass="primary--text" exact="true">
        <v-list-tile-action-stub>
          <v-icon-stub>chat_bubble</v-icon-stub>
        </v-list-tile-action-stub>
        <v-list-tile-content-stub>
          <v-list-tile-title-stub> Send feedback </v-list-tile-title-stub>
        </v-list-tile-content-stub>
      </v-list-tile-stub>
      <v-list-tile-stub activeclass="primary--text" exact="true" to="/about">
        <v-list-tile-action-stub>
          <v-icon-stub>help</v-icon-stub>
        </v-list-tile-action-stub>
        <v-list-tile-content-stub>
          <v-list-tile-title-stub> Help </v-list-tile-title-stub>
        </v-list-tile-content-stub>
      </v-list-tile-stub>
      <v-list-tile-stub activeclass="primary--text" exact="true">
        <v-list-tile-action-stub>
          <v-icon-stub>phonelink</v-icon-stub>
        </v-list-tile-action-stub>
        <v-list-tile-content-stub>
          <v-list-tile-title-stub> App downloads </v-list-tile-title-stub>
        </v-list-tile-content-stub>
      </v-list-tile-stub>
      <v-list-tile-stub activeclass="primary--text" exact="true">
        <v-list-tile-action-stub>
          <v-icon-stub>keyboard</v-icon-stub>
        </v-list-tile-action-stub>
        <v-list-tile-content-stub>
          <v-list-tile-title-stub> Go to the old version </v-list-tile-title-stub>
        </v-list-tile-content-stub>
      </v-list-tile-stub>
    </v-list-stub>
  </v-navigation-drawer-stub>
  <v-toolbar-stub fixed="true" app="true" color="blue darken-3" dark="true" scrollthreshold="300">
    <v-toolbar-title-stub>
      <v-toolbar-side-icon-stub></v-toolbar-side-icon-stub> <span class="hidden-sm-and-down"></span>
    </v-toolbar-title-stub>
    <v-text-field-stub flat="" solo-inverted="" hide-details="" prepend-inner-icon="search" label="Search" class="hidden-sm-and-down"></v-text-field-stub>
    <v-spacer-stub></v-spacer-stub>
    <v-btn-stub activeclass="v-btn--active" tag="button" icon="true" type="button">
      <v-icon-stub>apps</v-icon-stub>
    </v-btn-stub>
    <v-btn-stub activeclass="v-btn--active" tag="button" icon="true" type="button">
      <v-icon-stub>notifications</v-icon-stub>
    </v-btn-stub>
    <v-btn-stub activeclass="v-btn--active" tag="button" icon="true" large="true" type="button">
      <v-avatar-stub size="32px" tile="true"><img src="https://cdn.vuetifyjs.com/images/logos/logo.svg" alt="Vuetify"></v-avatar-stub>
    </v-btn-stub>
  </v-toolbar-stub>
  <v-content-stub tag="main">
    <v-container-stub tag="div" fluid="" fill-height="">
      <router-view-stub name="default"></router-view-stub>
    </v-container-stub>
  </v-content-stub>
  <v-btn-stub color="pink" activeclass="v-btn--active" tag="button" bottom="true" fixed="true" right="true" dark="true" fab="true" type="button">
    <v-icon-stub>add</v-icon-stub>
  </v-btn-stub>
  <v-dialog-stub contentclass="" maxwidth="none" origin="center center" width="800px" transition="dialog-transition">
    <v-card-stub tag="div">
      <v-card-title-stub class="grey lighten-4 py-4 title"> Create contact </v-card-title-stub>
      <v-container-stub tag="div" grid-list-sm="" class="pa-4">
        <v-layout-stub tag="div" row="" wrap="">
          <v-flex-stub tag="div" xs12="" align-center="" justify-space-between="">
            <v-layout-stub tag="div" align-center="">
              <v-avatar-stub size="40px" class="mr-3"><img src="//ssl.gstatic.com/s2/oz/images/sge/grey_silhouette.png" alt=""></v-avatar-stub>
              <v-text-field-stub placeholder="Name"></v-text-field-stub>
            </v-layout-stub>
          </v-flex-stub>
          <v-flex-stub tag="div" xs6="">
            <v-text-field-stub prepend-icon="business" placeholder="Company"></v-text-field-stub>
          </v-flex-stub>
          <v-flex-stub tag="div" xs6="">
            <v-text-field-stub placeholder="Job title"></v-text-field-stub>
          </v-flex-stub>
          <v-flex-stub tag="div" xs12="">
            <v-text-field-stub prepend-icon="mail" placeholder="Email"></v-text-field-stub>
          </v-flex-stub>
          <v-flex-stub tag="div" xs12="">
            <v-text-field-stub type="tel" prepend-icon="phone" placeholder="(000) 000 - 0000" mask="phone"></v-text-field-stub>
          </v-flex-stub>
          <v-flex-stub tag="div" xs12="">
            <v-text-field-stub prepend-icon="notes" placeholder="Notes"></v-text-field-stub>
          </v-flex-stub>
        </v-layout-stub>
      </v-container-stub>
      <v-card-actions-stub>
        <v-btn-stub color="primary" activeclass="v-btn--active" tag="button" flat="true" type="button">More</v-btn-stub>
        <v-spacer-stub></v-spacer-stub>
        <v-btn-stub color="primary" activeclass="v-btn--active" tag="button" flat="true" type="button">Cancel</v-btn-stub>
        <v-btn-stub activeclass="v-btn--active" tag="button" flat="true" type="button">Save</v-btn-stub>
      </v-card-actions-stub>
    </v-card-stub>
  </v-dialog-stub>
</v-app-stub>
`;
