// Jest Snapshot v1, https://goo.gl/fbAQLP

exports[`Home/Layout -> Default should renders with props 1`] = `
<v-app-stub id="app">
  <v-app-bar-stub tag="header" tile="true" extensionheight="48" src="" value="true" app="true">
    <v-toolbar-title-stub class="headline text-uppercase"><span>Vuetify</span> <span class="font-weight-light">MATERIAL DESIGN</span></v-toolbar-title-stub>
    <v-spacer-stub></v-spacer-stub>
    <v-btn-stub tag="button" activeclass="" href="https://github.com/vuetifyjs/vuetify/releases/latest" target="_blank" text="true" type="button"><span class="mr-2">Latest Release</span></v-btn-stub>
  </v-app-bar-stub>
  <v-content-stub tag="main">
    <router-view-stub name="default"></router-view-stub>
  </v-content-stub>
</v-app-stub>
`;
